// Jest Snapshot v1, https://goo.gl/fbAQLP

exports[`Card It renders 1`] = `"<dt role=\\"heading\\" aria-level=\\"3\\" style=\\"order: 1;\\"><button id=\\"ExpandableCards_0__Control_0\\" aria-controls=\\"ExpandableCards_0__Region_0\\" aria-expanded=\\"false\\" class style=\\"--card-heading-bg: #000; --card-heading-text: white;\\" data-component=\\"Control\\"><div class data-expandable-cards-label=\\"label\\">Label</div><figure role=\\"presentation\\"><img alt=\\"Test\\" src=\\"https://example.com/test.jpg\\" srcset sizes=\\"(min-width: 1200px) 180px, (max-width: 1200px; min-width: 992px) 145px, 210px\\" /></figure><div>Title</div><div role=\\"presentation\\"><svg fill=\\"none\\" height=\\"24\\" viewBox=\\"0 0 24 24\\" width=\\"24\\" xmlns=\\"http://www.w3.org/2000/svg\\"><path d=\\"m20 8-8 8-8-8\\" stroke=\\"currentColor\\" stroke-width=\\"2\\"></path></svg></div></button></dt><dd id=\\"ExpandableCards_0__Region_0\\" role=\\"region\\" aria-hidden=\\"true\\" aria-labelledby=\\"ExpandableCards_0__Control_0\\" style=\\"order: 4; -webkit-order: 4px;\\"><div class data-component=\\"Detail\\"><div class=\\"undefined u-richtext\\"></div></div></dd>"`;
